feature@br.org.archimedes.core.feature=COPY,/Users/night/Documents/Archimedes/workspace,br.org.archimedes.core.feature
plugin@br.org.archimedes.batik=COPY,/Users/night/Documents/Archimedes/workspace,br.org.archimedes.batik
plugin@br.org.archimedes.opengl=COPY,/Users/night/Documents/Archimedes/workspace,br.org.archimedes.opengl
fragment@br.org.archimedes.opengl.linux.x86=COPY,/Users/night/Documents/Archimedes/workspace,br.org.archimedes.opengl.linux.x86
fragment@br.org.archimedes.opengl.linux.x86_64=COPY,/Users/night/Documents/Archimedes/workspace,br.org.archimedes.opengl.linux.x86_64
fragment@br.org.archimedes.opengl.macosx=COPY,/Users/night/Documents/Archimedes/workspace,br.org.archimedes.opengl.macosx
fragment@br.org.archimedes.opengl.win32.x86=COPY,/Users/night/Documents/Archimedes/workspace,br.org.archimedes.opengl.win32.x86
plugin@br.org.archimedes.core=COPY,/Users/night/Documents/Archimedes/workspace,br.org.archimedes.core
feature@br.org.archimedes.calculus.feature=COPY,/Users/night/Documents/Archimedes/workspace,br.org.archimedes.calculus.feature
plugin@br.org.archimedes.distance=COPY,/Users/night/Documents/Archimedes/workspace,br.org.archimedes.distance
plugin@br.org.archimedes.polyline.area=COPY,/Users/night/Documents/Archimedes/workspace,br.org.archimedes.polyline.area
feature@br.org.archimedes.comunication.feature=COPY,/Users/night/Documents/Archimedes/workspace,br.org.archimedes.comunication.feature
plugin@br.org.archimedes.dimension=COPY,/Users/night/Documents/Archimedes/workspace,br.org.archimedes.dimension
plugin@br.org.archimedes.text=COPY,/Users/night/Documents/Archimedes/workspace,br.org.archimedes.text
plugin@br.org.archimedes.text.edittext=COPY,/Users/night/Documents/Archimedes/workspace,br.org.archimedes.text.edittext
plugin@br.org.archimedes.leader=COPY,/Users/night/Documents/Archimedes/workspace,br.org.archimedes.leader
feature@br.org.archimedes.curves.feature=COPY,/Users/night/Documents/Archimedes/workspace,br.org.archimedes.curves.feature
plugin@br.org.archimedes.arc=COPY,/Users/night/Documents/Archimedes/workspace,br.org.archimedes.arc
plugin@br.org.archimedes.circle=COPY,/Users/night/Documents/Archimedes/workspace,br.org.archimedes.circle
plugin@br.org.archimedes.curvedshape=COPY,/Users/night/Documents/Archimedes/workspace,br.org.archimedes.curvedShape
feature@br.org.archimedes.intersections.feature=COPY,/Users/night/Documents/Archimedes/workspace,br.org.archimedes.intersections.feature
plugin@br.org.archimedes.intersections=COPY,/Users/night/Documents/Archimedes/workspace,br.org.archimedes.intersections
feature@br.org.archimedes.io.feature=COPY,/Users/night/Documents/Archimedes/workspace,br.org.archimedes.io.feature
plugin@br.org.archimedes.io.xml=COPY,/Users/night/Documents/Archimedes/workspace,br.org.archimedes.io.xml
plugin@br.org.archimedes.io.pdf=COPY,/Users/night/Documents/Archimedes/workspace,br.org.archimedes.io.pdf
feature@br.org.archimedes.langpack.feature=COPY,/Users/night/Documents/Archimedes/workspace,br.org.archimedes.langpack.feature
fragment@br.org.archimedes.es=COPY,/Users/night/Documents/Archimedes/workspace,br.org.archimedes.es
fragment@br.org.archimedes.pt_BR=COPY,/Users/night/Documents/Archimedes/workspace,br.org.archimedes.pt_BR
fragment@br.org.archimedes.ro=COPY,/Users/night/Documents/Archimedes/workspace,br.org.archimedes.ro
fragment@br.org.archimedes.fr=COPY,/Users/night/Documents/Archimedes/workspace,br.org.archimedes.fr
fragment@br.org.archimedes.line.pt_BR=COPY,/Users/night/Documents/Archimedes/workspace,br.org.archimedes.line.pt_BR
feature@br.org.archimedes.lines.feature=COPY,/Users/night/Documents/Archimedes/workspace,br.org.archimedes.lines.feature
plugin@br.org.archimedes.line=COPY,/Users/night/Documents/Archimedes/workspace,br.org.archimedes.line
plugin@br.org.archimedes.infiniteline=COPY,/Users/night/Documents/Archimedes/workspace,br.org.archimedes.infiniteline
plugin@br.org.archimedes.polyline=COPY,/Users/night/Documents/Archimedes/workspace,br.org.archimedes.polyline
plugin@br.org.archimedes.polyline.explode=COPY,/Users/night/Documents/Archimedes/workspace,br.org.archimedes.polyline.explode
plugin@br.org.archimedes.polyline.rectangle=COPY,/Users/night/Documents/Archimedes/workspace,br.org.archimedes.polyline.rectangle
plugin@br.org.archimedes.semiline=COPY,/Users/night/Documents/Archimedes/workspace,br.org.archimedes.semiline
feature@br.org.archimedes.core.feature=COPY,/Users/night/Documents/Archimedes/workspace,br.org.archimedes.core.feature
plugin@br.org.archimedes.batik=COPY,/Users/night/Documents/Archimedes/workspace,br.org.archimedes.batik
plugin@br.org.archimedes.opengl=COPY,/Users/night/Documents/Archimedes/workspace,br.org.archimedes.opengl
fragment@br.org.archimedes.opengl.linux.x86=COPY,/Users/night/Documents/Archimedes/workspace,br.org.archimedes.opengl.linux.x86
fragment@br.org.archimedes.opengl.linux.x86_64=COPY,/Users/night/Documents/Archimedes/workspace,br.org.archimedes.opengl.linux.x86_64
fragment@br.org.archimedes.opengl.macosx=COPY,/Users/night/Documents/Archimedes/workspace,br.org.archimedes.opengl.macosx
fragment@br.org.archimedes.opengl.win32.x86=COPY,/Users/night/Documents/Archimedes/workspace,br.org.archimedes.opengl.win32.x86
plugin@br.org.archimedes.core=COPY,/Users/night/Documents/Archimedes/workspace,br.org.archimedes.core
feature@br.org.archimedes.operations.edit.feature=COPY,/Users/night/Documents/Archimedes/workspace,br.org.archimedes.operations.edit.feature
plugin@br.org.archimedes.mirror=COPY,/Users/night/Documents/Archimedes/workspace,br.org.archimedes.mirror
plugin@br.org.archimedes.move=COPY,/Users/night/Documents/Archimedes/workspace,br.org.archimedes.move
plugin@br.org.archimedes.offset=COPY,/Users/night/Documents/Archimedes/workspace,br.org.archimedes.offset
plugin@br.org.archimedes.rotate=COPY,/Users/night/Documents/Archimedes/workspace,br.org.archimedes.rotate
plugin@br.org.archimedes.scale=COPY,/Users/night/Documents/Archimedes/workspace,br.org.archimedes.scale
plugin@br.org.archimedes.stretch=COPY,/Users/night/Documents/Archimedes/workspace,br.org.archimedes.stretch
plugin@br.org.archimedes.trims=COPY,/Users/night/Documents/Archimedes/workspace,br.org.archimedes.trims
feature@br.org.archimedes.operations.workspace.feature=COPY,/Users/night/Documents/Archimedes/workspace,br.org.archimedes.operations.workspace.feature
plugin@br.org.archimedes.copypaste=COPY,/Users/night/Documents/Archimedes/workspace,br.org.archimedes.copypaste
plugin@br.org.archimedes.copytoclipboard=COPY,/Users/night/Documents/Archimedes/workspace,br.org.archimedes.copytoclipboard
plugin@br.org.archimedes.orto=COPY,/Users/night/Documents/Archimedes/workspace,br.org.archimedes.orto
plugin@br.org.archimedes.pan=COPY,/Users/night/Documents/Archimedes/workspace,br.org.archimedes.pan
plugin@br.org.archimedes.paste=COPY,/Users/night/Documents/Archimedes/workspace,br.org.archimedes.paste
plugin@br.org.archimedes.redo=COPY,/Users/night/Documents/Archimedes/workspace,br.org.archimedes.redo
plugin@br.org.archimedes.snap=COPY,/Users/night/Documents/Archimedes/workspace,br.org.archimedes.snap
plugin@br.org.archimedes.undo=COPY,/Users/night/Documents/Archimedes/workspace,br.org.archimedes.undo
plugin@br.org.archimedes.zoom=COPY,/Users/night/Documents/Archimedes/workspace,br.org.archimedes.zoom
plugin@br.org.archimedes.erase=COPY,/Users/night/Documents/Archimedes/workspace,br.org.archimedes.erase
feature@br.org.archimedes.tests.feature=COPY,/Users/night/Documents/Archimedes/workspace,br.org.archimedes.tests.feature
plugin@br.org.archimedes.arc.tests=COPY,/Users/night/Documents/Archimedes/workspace,br.org.archimedes.arc.tests
plugin@br.org.archimedes.circle.tests=COPY,/Users/night/Documents/Archimedes/workspace,br.org.archimedes.circle.tests
plugin@br.org.archimedes.copypaste.tests=COPY,/Users/night/Documents/Archimedes/workspace,br.org.archimedes.copypaste.tests
plugin@br.org.archimedes.copytoclipboard.tests=COPY,/Users/night/Documents/Archimedes/workspace,br.org.archimedes.copytoclipboard.tests
plugin@br.org.archimedes.core.tests=COPY,/Users/night/Documents/Archimedes/workspace,br.org.archimedes.core.tests
plugin@br.org.archimedes.dimension.test=COPY,/Users/night/Documents/Archimedes/workspace,br.org.archimedes.dimension.test
plugin@br.org.archimedes.distance.tests=COPY,/Users/night/Documents/Archimedes/workspace,br.org.archimedes.distance.tests
plugin@br.org.archimedes.erase.tests=COPY,/Users/night/Documents/Archimedes/workspace,br.org.archimedes.erase.tests
plugin@br.org.archimedes.infiniteLine.tests=COPY,/Users/night/Documents/Archimedes/workspace,br.org.archimedes.infiniteline.tests
plugin@br.org.archimedes.intersections.tests=COPY,/Users/night/Documents/Archimedes/workspace,br.org.archimedes.intersections.tests
plugin@br.org.archimedes.io.pdf.tests=COPY,/Users/night/Documents/Archimedes/workspace,br.org.archimedes.io.pdf.tests
plugin@br.org.archimedes.io.xml.tests=COPY,/Users/night/Documents/Archimedes/workspace,br.org.archimedes.io.xml.tests
plugin@br.org.archimedes.leader.tests=COPY,/Users/night/Documents/Archimedes/workspace,br.org.archimedes.leader.tests
plugin@br.org.archimedes.line.tests=COPY,/Users/night/Documents/Archimedes/workspace,br.org.archimedes.line.tests
plugin@br.org.archimedes.mirror.tests=COPY,/Users/night/Documents/Archimedes/workspace,br.org.archimedes.mirror.tests
plugin@br.org.archimedes.move.tests=COPY,/Users/night/Documents/Archimedes/workspace,br.org.archimedes.move.tests
plugin@br.org.archimedes.offset.tests=COPY,/Users/night/Documents/Archimedes/workspace,br.org.archimedes.offset.tests
plugin@br.org.archimedes.orto.tests=COPY,/Users/night/Documents/Archimedes/workspace,br.org.archimedes.orto.tests
plugin@br.org.archimedes.pan.tests=COPY,/Users/night/Documents/Archimedes/workspace,br.org.archimedes.pan.tests
plugin@br.org.archimedes.paste.tests=COPY,/Users/night/Documents/Archimedes/workspace,br.org.archimedes.paste.tests
plugin@br.org.archimedes.polyline.area.tests=COPY,/Users/night/Documents/Archimedes/workspace,br.org.archimedes.polyline.area.tests
plugin@br.org.archimedes.polyline.explode.tests=COPY,/Users/night/Documents/Archimedes/workspace,br.org.archimedes.polyline.explode.tests
plugin@br.org.archimedes.polyline.rectangle.tests=COPY,/Users/night/Documents/Archimedes/workspace,br.org.archimedes.polyline.rectangle.tests
plugin@br.org.archimedes.polyline.tests=COPY,/Users/night/Documents/Archimedes/workspace,br.org.archimedes.polyline.tests
plugin@br.org.archimedes.redo.tests=COPY,/Users/night/Documents/Archimedes/workspace,br.org.archimedes.redo.tests
plugin@br.org.archimedes.rotate.tests=COPY,/Users/night/Documents/Archimedes/workspace,br.org.archimedes.rotate.tests
plugin@br.org.archimedes.scale.tests=COPY,/Users/night/Documents/Archimedes/workspace,br.org.archimedes.scale.tests
plugin@br.org.archimedes.semiline.tests=COPY,/Users/night/Documents/Archimedes/workspace,br.org.archimedes.semiline.tests
plugin@br.org.archimedes.snap.tests=COPY,/Users/night/Documents/Archimedes/workspace,br.org.archimedes.snap.tests
plugin@br.org.archimedes.stretch.tests=COPY,/Users/night/Documents/Archimedes/workspace,br.org.archimedes.stretch.tests
plugin@br.org.archimedes.text.tests=COPY,/Users/night/Documents/Archimedes/workspace,br.org.archimedes.text.tests
plugin@br.org.archimedes.trims.tests=COPY,/Users/night/Documents/Archimedes/workspace,br.org.archimedes.trims.tests
plugin@br.org.archimedes.undo.tests=COPY,/Users/night/Documents/Archimedes/workspace,br.org.archimedes.undo.tests
plugin@br.org.archimedes.zoom.tests=COPY,/Users/night/Documents/Archimedes/workspace,br.org.archimedes.zoom.tests
