feature@br.org.archimedes.core.feature=COPY,PROJECT_ROOT,br.org.archimedes.core.feature
plugin@br.org.archimedes.batik=COPY,PROJECT_ROOT,br.org.archimedes.batik
plugin@br.org.archimedes.opengl=COPY,PROJECT_ROOT,br.org.archimedes.opengl
fragment@br.org.archimedes.opengl.linux.x86=COPY,PROJECT_ROOT,br.org.archimedes.opengl.linux.x86
fragment@br.org.archimedes.opengl.linux.x86_64=COPY,PROJECT_ROOT,br.org.archimedes.opengl.linux.x86_64
fragment@br.org.archimedes.opengl.macosx=COPY,PROJECT_ROOT,br.org.archimedes.opengl.macosx
fragment@br.org.archimedes.opengl.win32.x86=COPY,PROJECT_ROOT,br.org.archimedes.opengl.win32.x86
fragment@br.org.archimedes.opengl.win32.x86_64=COPY,PROJECT_ROOT,br.org.archimedes.opengl.win32.x86_64
plugin@br.org.archimedes.core=COPY,PROJECT_ROOT,br.org.archimedes.core
feature@br.org.archimedes.calculus.feature=COPY,PROJECT_ROOT,br.org.archimedes.calculus.feature
plugin@br.org.archimedes.distance=COPY,PROJECT_ROOT,br.org.archimedes.distance
plugin@br.org.archimedes.polyline.area=COPY,PROJECT_ROOT,br.org.archimedes.polyline.area
feature@br.org.archimedes.comunication.feature=COPY,PROJECT_ROOT,br.org.archimedes.comunication.feature
plugin@br.org.archimedes.dimension=COPY,PROJECT_ROOT,br.org.archimedes.dimension
plugin@br.org.archimedes.text=COPY,PROJECT_ROOT,br.org.archimedes.text
plugin@br.org.archimedes.text.edittext=COPY,PROJECT_ROOT,br.org.archimedes.text.edittext
plugin@br.org.archimedes.leader=COPY,PROJECT_ROOT,br.org.archimedes.leader
feature@br.org.archimedes.curves.feature=COPY,PROJECT_ROOT,br.org.archimedes.curves.feature
plugin@br.org.archimedes.arc=COPY,PROJECT_ROOT,br.org.archimedes.arc
plugin@br.org.archimedes.circle=COPY,PROJECT_ROOT,br.org.archimedes.circle
plugin@br.org.archimedes.curvedshape=COPY,PROJECT_ROOT,br.org.archimedes.curvedshape
plugin@br.org.archimedes.ellipse=COPY,PROJECT_ROOT,br.org.archimedes.ellipse
feature@br.org.archimedes.intersections.feature=COPY,PROJECT_ROOT,br.org.archimedes.intersections.feature
plugin@br.org.archimedes.intersections=COPY,PROJECT_ROOT,br.org.archimedes.intersections
feature@br.org.archimedes.io.feature=COPY,PROJECT_ROOT,br.org.archimedes.io.feature
plugin@br.org.archimedes.io.xml=COPY,PROJECT_ROOT,br.org.archimedes.io.xml
plugin@br.org.archimedes.io.pdf=COPY,PROJECT_ROOT,br.org.archimedes.io.pdf
plugin@br.org.archimedes.io.svg=COPY,PROJECT_ROOT,br.org.archimedes.io.svg
feature@br.org.archimedes.langpack.feature=COPY,PROJECT_ROOT,br.org.archimedes.langpack.feature
fragment@br.org.archimedes.es=COPY,PROJECT_ROOT,br.org.archimedes.es
fragment@br.org.archimedes.pt_BR=COPY,PROJECT_ROOT,br.org.archimedes.pt_BR
fragment@br.org.archimedes.ro=COPY,PROJECT_ROOT,br.org.archimedes.ro
fragment@br.org.archimedes.fr=COPY,PROJECT_ROOT,br.org.archimedes.fr
fragment@br.org.archimedes.line.pt_BR=COPY,PROJECT_ROOT,br.org.archimedes.line.pt_BR
feature@br.org.archimedes.lines.feature=COPY,PROJECT_ROOT,br.org.archimedes.lines.feature
plugin@br.org.archimedes.line=COPY,PROJECT_ROOT,br.org.archimedes.line
plugin@br.org.archimedes.infiniteline=COPY,PROJECT_ROOT,br.org.archimedes.infiniteline
plugin@br.org.archimedes.polyline=COPY,PROJECT_ROOT,br.org.archimedes.polyline
plugin@br.org.archimedes.polyline.explode=COPY,PROJECT_ROOT,br.org.archimedes.polyline.explode
plugin@br.org.archimedes.polyline.rectangle=COPY,PROJECT_ROOT,br.org.archimedes.polyline.rectangle
plugin@br.org.archimedes.semiline=COPY,PROJECT_ROOT,br.org.archimedes.semiline
feature@br.org.archimedes.core.feature=COPY,PROJECT_ROOT,br.org.archimedes.core.feature
plugin@br.org.archimedes.batik=COPY,PROJECT_ROOT,br.org.archimedes.batik
plugin@br.org.archimedes.opengl=COPY,PROJECT_ROOT,br.org.archimedes.opengl
fragment@br.org.archimedes.opengl.linux.x86=COPY,PROJECT_ROOT,br.org.archimedes.opengl.linux.x86
fragment@br.org.archimedes.opengl.linux.x86_64=COPY,PROJECT_ROOT,br.org.archimedes.opengl.linux.x86_64
fragment@br.org.archimedes.opengl.macosx=COPY,PROJECT_ROOT,br.org.archimedes.opengl.macosx
fragment@br.org.archimedes.opengl.win32.x86=COPY,PROJECT_ROOT,br.org.archimedes.opengl.win32.x86
plugin@br.org.archimedes.core=COPY,PROJECT_ROOT,br.org.archimedes.core
feature@br.org.archimedes.operations.edit.feature=COPY,PROJECT_ROOT,br.org.archimedes.operations.edit.feature
plugin@br.org.archimedes.extend=COPY,PROJECT_ROOT,br.org.archimedes.extend
plugin@br.org.archimedes.fillet=COPY,PROJECT_ROOT,br.org.archimedes.fillet
plugin@br.org.archimedes.mirror=COPY,PROJECT_ROOT,br.org.archimedes.mirror
plugin@br.org.archimedes.move=COPY,PROJECT_ROOT,br.org.archimedes.move
plugin@br.org.archimedes.offset=COPY,PROJECT_ROOT,br.org.archimedes.offset
plugin@br.org.archimedes.rotate=COPY,PROJECT_ROOT,br.org.archimedes.rotate
plugin@br.org.archimedes.scale=COPY,PROJECT_ROOT,br.org.archimedes.scale
plugin@br.org.archimedes.stretch=COPY,PROJECT_ROOT,br.org.archimedes.stretch
plugin@br.org.archimedes.trims=COPY,PROJECT_ROOT,br.org.archimedes.trims
feature@br.org.archimedes.operations.workspace.feature=COPY,PROJECT_ROOT,br.org.archimedes.operations.workspace.feature
plugin@br.org.archimedes.copypaste=COPY,PROJECT_ROOT,br.org.archimedes.copypaste
plugin@br.org.archimedes.copytoclipboard=COPY,PROJECT_ROOT,br.org.archimedes.copytoclipboard
plugin@br.org.archimedes.orto=COPY,PROJECT_ROOT,br.org.archimedes.orto
plugin@br.org.archimedes.pan=COPY,PROJECT_ROOT,br.org.archimedes.pan
plugin@br.org.archimedes.paste=COPY,PROJECT_ROOT,br.org.archimedes.paste
plugin@br.org.archimedes.redo=COPY,PROJECT_ROOT,br.org.archimedes.redo
plugin@br.org.archimedes.snap=COPY,PROJECT_ROOT,br.org.archimedes.snap
plugin@br.org.archimedes.undo=COPY,PROJECT_ROOT,br.org.archimedes.undo
plugin@br.org.archimedes.zoom=COPY,PROJECT_ROOT,br.org.archimedes.zoom
plugin@br.org.archimedes.erase=COPY,PROJECT_ROOT,br.org.archimedes.erase
feature@br.org.archimedes.tests.feature=COPY,PROJECT_ROOT,br.org.archimedes.tests.feature
plugin@br.org.archimedes.core.tests=COPY,PROJECT_ROOT,br.org.archimedes.core.tests
plugin@br.org.archimedes.arc.tests=COPY,PROJECT_ROOT,br.org.archimedes.arc.tests
plugin@br.org.archimedes.circle.tests=COPY,PROJECT_ROOT,br.org.archimedes.circle.tests
plugin@br.org.archimedes.copypaste.tests=COPY,PROJECT_ROOT,br.org.archimedes.copypaste.tests
plugin@br.org.archimedes.copytoclipboard.tests=COPY,PROJECT_ROOT,br.org.archimedes.copytoclipboard.tests
plugin@br.org.archimedes.dimension.test=COPY,PROJECT_ROOT,br.org.archimedes.dimension.test
plugin@br.org.archimedes.distance.tests=COPY,PROJECT_ROOT,br.org.archimedes.distance.tests
plugin@br.org.archimedes.ellipse.tests=COPY,PROJECT_ROOT,br.org.archimedes.ellipse.tests
plugin@br.org.archimedes.erase.tests=COPY,PROJECT_ROOT,br.org.archimedes.erase.tests
plugin@br.org.archimedes.extend.tests=COPY,PROJECT_ROOT,br.org.archimedes.extend.tests
plugin@br.org.archimedes.fillet.tests=COPY,PROJECT_ROOT,br.org.archimedes.fillet.tests
plugin@br.org.archimedes.infiniteLine.tests=COPY,PROJECT_ROOT,br.org.archimedes.infiniteline.tests
plugin@br.org.archimedes.intersections.tests=COPY,PROJECT_ROOT,br.org.archimedes.intersections.tests
plugin@br.org.archimedes.io.pdf.tests=COPY,PROJECT_ROOT,br.org.archimedes.io.pdf.tests
plugin@br.org.archimedes.io.xml.tests=COPY,PROJECT_ROOT,br.org.archimedes.io.xml.tests
plugin@br.org.archimedes.io.svg.tests=COPY,PROJECT_ROOT,br.org.archimedes.io.svg.tests
plugin@br.org.archimedes.leader.tests=COPY,PROJECT_ROOT,br.org.archimedes.leader.tests
plugin@br.org.archimedes.line.tests=COPY,PROJECT_ROOT,br.org.archimedes.line.tests
plugin@br.org.archimedes.mirror.tests=COPY,PROJECT_ROOT,br.org.archimedes.mirror.tests
plugin@br.org.archimedes.move.tests=COPY,PROJECT_ROOT,br.org.archimedes.move.tests
plugin@br.org.archimedes.offset.tests=COPY,PROJECT_ROOT,br.org.archimedes.offset.tests
plugin@br.org.archimedes.orto.tests=COPY,PROJECT_ROOT,br.org.archimedes.orto.tests
plugin@br.org.archimedes.pan.tests=COPY,PROJECT_ROOT,br.org.archimedes.pan.tests
plugin@br.org.archimedes.paste.tests=COPY,PROJECT_ROOT,br.org.archimedes.paste.tests
plugin@br.org.archimedes.polyline.area.tests=COPY,PROJECT_ROOT,br.org.archimedes.polyline.area.tests
plugin@br.org.archimedes.polyline.explode.tests=COPY,PROJECT_ROOT,br.org.archimedes.polyline.explode.tests
plugin@br.org.archimedes.polyline.rectangle.tests=COPY,PROJECT_ROOT,br.org.archimedes.polyline.rectangle.tests
plugin@br.org.archimedes.polyline.tests=COPY,PROJECT_ROOT,br.org.archimedes.polyline.tests
plugin@br.org.archimedes.redo.tests=COPY,PROJECT_ROOT,br.org.archimedes.redo.tests
plugin@br.org.archimedes.rotate.tests=COPY,PROJECT_ROOT,br.org.archimedes.rotate.tests
plugin@br.org.archimedes.scale.tests=COPY,PROJECT_ROOT,br.org.archimedes.scale.tests
plugin@br.org.archimedes.semiline.tests=COPY,PROJECT_ROOT,br.org.archimedes.semiline.tests
plugin@br.org.archimedes.snap.tests=COPY,PROJECT_ROOT,br.org.archimedes.snap.tests
plugin@br.org.archimedes.stretch.tests=COPY,PROJECT_ROOT,br.org.archimedes.stretch.tests
plugin@br.org.archimedes.text.edittext.tests=COPY,PROJECT_ROOT,br.org.archimedes.text.edittext.tests
plugin@br.org.archimedes.text.tests=COPY,PROJECT_ROOT,br.org.archimedes.text.tests
plugin@br.org.archimedes.trims.tests=COPY,PROJECT_ROOT,br.org.archimedes.trims.tests
plugin@br.org.archimedes.undo.tests=COPY,PROJECT_ROOT,br.org.archimedes.undo.tests
plugin@br.org.archimedes.zoom.tests=COPY,PROJECT_ROOT,br.org.archimedes.zoom.tests
